rule A built: 10494 episodes 2012-2026, 8548 in outcome seasons and 2026  4s
gate passed: primary club-season table equals team_season_public.csv (max abs diff 7.1e-15)
rule B built  7s
point values done  7s
bootstrap 0/2000  7s
bootstrap 250/2000  17s
bootstrap 500/2000  33s
bootstrap 750/2000  52s
bootstrap 1000/2000  71s
bootstrap 1250/2000  82s
bootstrap 1500/2000  91s
bootstrap 1750/2000  100s
bootstrap done (0 draws dropped)  109s
simulation rho=0.0 done  116s
simulation rho=0.03 done  120s
simulation rho=0.06 done  125s
simulation rho=0.11 done  130s
simulation rho=0.15 done  135s
simulation rho=0.2 done  140s
simulation rho=0.25 done  144s
{
 "wins": {
  "est": -0.6329292236993349,
  "se_cluster": 0.1570691835518087,
  "lo_cluster": -0.9407791665418984,
  "hi_cluster": -0.3250792808566144,
  "n": 270,
  "r2": 0.46141614165173883,
  "ci95_bootstrap": [
   -0.9551227490901913,
   -0.3400915755392405
  ],
  "bca95": [
   -0.9841668636046341,
   -0.3589402544359027
  ],
  "bca": {
   "bca95": [
    -0.9841668636046341,
    -0.3589402544359027
   ],
   "z0": -0.012533469508069276,
   "acceleration": -0.03508032691170573
  },
  "wild_cluster_t": {
   "ci95": [
    -0.9676820690642991,
    -0.30478396086756326
   ],
   "reps": 9999,
   "weights": "Rademacher by club",
   "seed": 20261004,
   "residuals": "unrestricted"
  }
 },
 "one_sd_wins": {
  "est": 2.2809547553004914,
  "ci95_joint": [
   1.1214147173409632,
   3.487157317714928
  ]
 },
 "p10_p90_wins": {
  "est": 5.436642136753083,
  "ci95_joint": [
   2.851403590040905,
   8.818033410507914
  ]
 }
}
P2.5 statement: no stable club component detected | calibrated P 0.664 | ICC at 80% power 0.14875
done in 144s
